Saving all output to "!!{outputDirectory}!!/input45.q.raw". Enter "record" with no arguments to stop it.
>>>  !run !!{qFileDirectory}!!/input45.q
>>>  SET hive.insert.into.multilevel.dirs=true;
No rows affected 
>>>  
>>>  SET hive.output.file.extension=.txt;
No rows affected 
>>>  
>>>  INSERT OVERWRITE DIRECTORY 'target/tmp/ql/test/data/x/y/z/' SELECT src.* FROM src;
'key','value'
No rows selected 
>>>  
>>>  dfs -cat target/tmp/ql/test/data/x/y/z/*.txt;
No rows affected 
>>>  
>>>  dfs -rmr target/tmp/ql/test/data/x;
No rows affected 
>>>  !record
