hive.current.db=default
PREHOOK: query: DROP DATABASE IF EXISTS db_name1
PREHOOK: type: DROPDATABASE
POSTHOOK: query: DROP DATABASE IF EXISTS db_name1
POSTHOOK: type: DROPDATABASE
PREHOOK: query: CREATE DATABASE db_name1
PREHOOK: type: CREATEDATABASE
POSTHOOK: query: CREATE DATABASE db_name1
POSTHOOK: type: CREATEDATABASE
PREHOOK: query: USE db_name1
PREHOOK: type: SWITCHDATABASE
POSTHOOK: query: USE db_name1
POSTHOOK: type: SWITCHDATABASE
hive.current.db=db_name1
PREHOOK: query: USE default
PREHOOK: type: SWITCHDATABASE
POSTHOOK: query: USE default
POSTHOOK: type: SWITCHDATABASE
hive.current.db=default
PREHOOK: query: DROP DATABASE IF EXISTS db_name2
PREHOOK: type: DROPDATABASE
POSTHOOK: query: DROP DATABASE IF EXISTS db_name2
POSTHOOK: type: DROPDATABASE
PREHOOK: query: CREATE DATABASE db_name2
PREHOOK: type: CREATEDATABASE
POSTHOOK: query: CREATE DATABASE db_name2
POSTHOOK: type: CREATEDATABASE
PREHOOK: query: USE db_name2
PREHOOK: type: SWITCHDATABASE
POSTHOOK: query: USE db_name2
POSTHOOK: type: SWITCHDATABASE
hive.current.db=db_name2
PREHOOK: query: USE default
PREHOOK: type: SWITCHDATABASE
POSTHOOK: query: USE default
POSTHOOK: type: SWITCHDATABASE
PREHOOK: query: DROP DATABASE IF EXISTS db_name1
PREHOOK: type: DROPDATABASE
POSTHOOK: query: DROP DATABASE IF EXISTS db_name1
POSTHOOK: type: DROPDATABASE
PREHOOK: query: DROP DATABASE IF EXISTS db_name2
PREHOOK: type: DROPDATABASE
POSTHOOK: query: DROP DATABASE IF EXISTS db_name2
POSTHOOK: type: DROPDATABASE
