PREHOOK: query: DROP TABLE IF EXISTS DECIMAL
PREHOOK: type: DROPTABLE
POSTHOOK: query: DROP TABLE IF EXISTS DECIMAL
POSTHOOK: type: DROPTABLE
PREHOOK: query: CREATE TABLE decimal_10_0 (dec decimal)
PREHOOK: type: CREATETABLE
POSTHOOK: query: CREATE TABLE decimal_10_0 (dec decimal)
POSTHOOK: type: CREATETABLE
POSTHOOK: Output: default@decimal_10_0
PREHOOK: query: LOAD DATA LOCAL INPATH '../../data/files/decimal_10_0.txt' OVERWRITE INTO TABLE decimal_10_0
PREHOOK: type: LOAD
PREHOOK: Output: default@decimal_10_0
POSTHOOK: query: LOAD DATA LOCAL INPATH '../../data/files/decimal_10_0.txt' OVERWRITE INTO TABLE decimal_10_0
POSTHOOK: type: LOAD
POSTHOOK: Output: default@decimal_10_0
PREHOOK: query: SELECT dec FROM decimal_10_0
PREHOOK: type: QUERY
PREHOOK: Input: default@decimal_10_0
#### A masked pattern was here ####
POSTHOOK: query: SELECT dec FROM decimal_10_0
POSTHOOK: type: QUERY
POSTHOOK: Input: default@decimal_10_0
#### A masked pattern was here ####
1000000000
NULL
PREHOOK: query: DROP TABLE decimal_10_0
PREHOOK: type: DROPTABLE
PREHOOK: Input: default@decimal_10_0
PREHOOK: Output: default@decimal_10_0
POSTHOOK: query: DROP TABLE decimal_10_0
POSTHOOK: type: DROPTABLE
POSTHOOK: Input: default@decimal_10_0
POSTHOOK: Output: default@decimal_10_0
