PREHOOK: query: DROP DATABASE IF EXISTS db1 CASCADE
PREHOOK: type: DROPDATABASE
POSTHOOK: query: DROP DATABASE IF EXISTS db1 CASCADE
POSTHOOK: type: DROPDATABASE
PREHOOK: query: CREATE DATABASE db1
PREHOOK: type: CREATEDATABASE
POSTHOOK: query: CREATE DATABASE db1
POSTHOOK: type: CREATEDATABASE
PREHOOK: query: USE db1
PREHOOK: type: SWITCHDATABASE
POSTHOOK: query: USE db1
POSTHOOK: type: SWITCHDATABASE
PREHOOK: query: CREATE TABLE tab1( dep_id INT)
PREHOOK: type: CREATETABLE
POSTHOOK: query: CREATE TABLE tab1( dep_id INT)
POSTHOOK: type: CREATETABLE
POSTHOOK: Output: db1@tab1
PREHOOK: query: LOAD DATA LOCAL INPATH '../../data/files/test.dat' INTO TABLE tab1
PREHOOK: type: LOAD
PREHOOK: Output: db1@tab1
POSTHOOK: query: LOAD DATA LOCAL INPATH '../../data/files/test.dat' INTO TABLE tab1
POSTHOOK: type: LOAD
POSTHOOK: Output: db1@tab1
#### A masked pattern was here ####
PREHOOK: query: EXPORT TABLE tab1 TO 'ql/test/data/exports/uri1'
PREHOOK: type: EXPORT
PREHOOK: Input: db1@tab1
#### A masked pattern was here ####
POSTHOOK: query: EXPORT TABLE tab1 TO 'ql/test/data/exports/uri1'
POSTHOOK: type: EXPORT
POSTHOOK: Input: db1@tab1
#### A masked pattern was here ####
PREHOOK: query: DROP TABLE tab1
PREHOOK: type: DROPTABLE
PREHOOK: Input: db1@tab1
PREHOOK: Output: db1@tab1
POSTHOOK: query: DROP TABLE tab1
POSTHOOK: type: DROPTABLE
POSTHOOK: Input: db1@tab1
POSTHOOK: Output: db1@tab1
PREHOOK: query: IMPORT TABLE tab2 FROM 'ql/test/data/exports/uri1'
PREHOOK: type: IMPORT
POSTHOOK: query: IMPORT TABLE tab2 FROM 'ql/test/data/exports/uri1'
POSTHOOK: type: IMPORT
POSTHOOK: Output: db1@tab2
PREHOOK: query: CREATE TABLE tab3 (key INT, value STRING)
PREHOOK: type: CREATETABLE
POSTHOOK: query: CREATE TABLE tab3 (key INT, value STRING)
POSTHOOK: type: CREATETABLE
POSTHOOK: Output: db1@tab3
#### A masked pattern was here ####
PREHOOK: type: ALTERTABLE_LOCATION
PREHOOK: Input: db1@tab3
PREHOOK: Output: db1@tab3
#### A masked pattern was here ####
POSTHOOK: type: ALTERTABLE_LOCATION
POSTHOOK: Input: db1@tab3
POSTHOOK: Output: db1@tab3
PREHOOK: query: CREATE TABLE ptab (key INT, value STRING) PARTITIONED BY (ds STRING)
PREHOOK: type: CREATETABLE
POSTHOOK: query: CREATE TABLE ptab (key INT, value STRING) PARTITIONED BY (ds STRING)
POSTHOOK: type: CREATETABLE
POSTHOOK: Output: db1@ptab
PREHOOK: query: ALTER TABLE ptab ADD PARTITION (ds='2010')
PREHOOK: type: ALTERTABLE_ADDPARTS
PREHOOK: Input: db1@ptab
POSTHOOK: query: ALTER TABLE ptab ADD PARTITION (ds='2010')
POSTHOOK: type: ALTERTABLE_ADDPARTS
POSTHOOK: Input: db1@ptab
POSTHOOK: Output: db1@ptab@ds=2010
#### A masked pattern was here ####
PREHOOK: type: ALTERPARTITION_LOCATION
PREHOOK: Input: db1@ptab
PREHOOK: Output: db1@ptab@ds=2010
#### A masked pattern was here ####
POSTHOOK: type: ALTERPARTITION_LOCATION
POSTHOOK: Input: db1@ptab
POSTHOOK: Input: db1@ptab@ds=2010
POSTHOOK: Output: db1@ptab@ds=2010
