PREHOOK: query: DROP DATABASE IF EXISTS db1
PREHOOK: type: DROPDATABASE
POSTHOOK: query: DROP DATABASE IF EXISTS db1
POSTHOOK: type: DROPDATABASE
PREHOOK: query: CREATE DATABASE db1
PREHOOK: type: CREATEDATABASE
POSTHOOK: query: CREATE DATABASE db1
POSTHOOK: type: CREATEDATABASE
PREHOOK: query: USE db1
PREHOOK: type: SWITCHDATABASE
POSTHOOK: query: USE db1
POSTHOOK: type: SWITCHDATABASE
PREHOOK: query: CREATE TABLE table1 (key STRING, value STRING)
STORED AS TEXTFILE
PREHOOK: type: CREATETABLE
POSTHOOK: query: CREATE TABLE table1 (key STRING, value STRING)
STORED AS TEXTFILE
POSTHOOK: type: CREATETABLE
POSTHOOK: Output: db1@table1
PREHOOK: query: CREATE TABLE table2 (key STRING, value STRING)
STORED AS TEXTFILE
PREHOOK: type: CREATETABLE
POSTHOOK: query: CREATE TABLE table2 (key STRING, value STRING)
STORED AS TEXTFILE
POSTHOOK: type: CREATETABLE
POSTHOOK: Output: db1@table2
PREHOOK: query: -- relative reference, no alias
CREATE VIEW v1 AS SELECT * FROM table1
PREHOOK: type: CREATEVIEW
PREHOOK: Input: db1@table1
POSTHOOK: query: -- relative reference, no alias
CREATE VIEW v1 AS SELECT * FROM table1
POSTHOOK: type: CREATEVIEW
POSTHOOK: Input: db1@table1
POSTHOOK: Output: db1@v1
PREHOOK: query: -- relative reference, aliased
CREATE VIEW v2 AS SELECT t1.* FROM table1 t1
PREHOOK: type: CREATEVIEW
PREHOOK: Input: db1@table1
POSTHOOK: query: -- relative reference, aliased
CREATE VIEW v2 AS SELECT t1.* FROM table1 t1
POSTHOOK: type: CREATEVIEW
POSTHOOK: Input: db1@table1
POSTHOOK: Output: db1@v2
PREHOOK: query: -- relative reference, multiple tables
CREATE VIEW v3 AS SELECT t1.*, t2.key k FROM table1 t1 JOIN table2 t2 ON t1.key = t2.key
PREHOOK: type: CREATEVIEW
PREHOOK: Input: db1@table1
PREHOOK: Input: db1@table2
POSTHOOK: query: -- relative reference, multiple tables
CREATE VIEW v3 AS SELECT t1.*, t2.key k FROM table1 t1 JOIN table2 t2 ON t1.key = t2.key
POSTHOOK: type: CREATEVIEW
POSTHOOK: Input: db1@table1
POSTHOOK: Input: db1@table2
POSTHOOK: Output: db1@v3
PREHOOK: query: -- absolute reference, no alias
CREATE VIEW v4 AS SELECT * FROM db1.table1
PREHOOK: type: CREATEVIEW
PREHOOK: Input: db1@table1
POSTHOOK: query: -- absolute reference, no alias
CREATE VIEW v4 AS SELECT * FROM db1.table1
POSTHOOK: type: CREATEVIEW
POSTHOOK: Input: db1@table1
POSTHOOK: Output: db1@v4
PREHOOK: query: -- absolute reference, aliased
CREATE VIEW v5 AS SELECT t1.* FROM db1.table1 t1
PREHOOK: type: CREATEVIEW
PREHOOK: Input: db1@table1
POSTHOOK: query: -- absolute reference, aliased
CREATE VIEW v5 AS SELECT t1.* FROM db1.table1 t1
POSTHOOK: type: CREATEVIEW
POSTHOOK: Input: db1@table1
POSTHOOK: Output: db1@v5
PREHOOK: query: -- absolute reference, multiple tables
CREATE VIEW v6 AS SELECT t1.*, t2.key k FROM db1.table1 t1 JOIN db1.table2 t2 ON t1.key = t2.key
PREHOOK: type: CREATEVIEW
PREHOOK: Input: db1@table1
PREHOOK: Input: db1@table2
POSTHOOK: query: -- absolute reference, multiple tables
CREATE VIEW v6 AS SELECT t1.*, t2.key k FROM db1.table1 t1 JOIN db1.table2 t2 ON t1.key = t2.key
POSTHOOK: type: CREATEVIEW
POSTHOOK: Input: db1@table1
POSTHOOK: Input: db1@table2
POSTHOOK: Output: db1@v6
PREHOOK: query: -- relative reference, explicit column
CREATE VIEW v7 AS SELECT key from table1
PREHOOK: type: CREATEVIEW
PREHOOK: Input: db1@table1
POSTHOOK: query: -- relative reference, explicit column
CREATE VIEW v7 AS SELECT key from table1
POSTHOOK: type: CREATEVIEW
POSTHOOK: Input: db1@table1
POSTHOOK: Output: db1@v7
PREHOOK: query: -- absolute reference, explicit column
CREATE VIEW v8 AS SELECT key from db1.table1
PREHOOK: type: CREATEVIEW
PREHOOK: Input: db1@table1
POSTHOOK: query: -- absolute reference, explicit column
CREATE VIEW v8 AS SELECT key from db1.table1
POSTHOOK: type: CREATEVIEW
POSTHOOK: Input: db1@table1
POSTHOOK: Output: db1@v8
